// Jest Snapshot v1, https://goo.gl/fbAQLP

exports[`testing <AppRouter/> should match snapshot 1`] = `
<div>
  <nav
    className="navbar navbar-expand-sm navbar-dark bg-dark"
  >
    <a
      aria-current="page"
      className="navbar-brand active"
      href="/"
      onClick={[Function]}
      style={Object {}}
    >
      useContext
    </a>
    <div
      className="collapse navbar-collapse"
      id="navbarNavAltMarkup"
    >
      <div
        className="navbar-nav"
      >
        <a
          aria-current="page"
          className="nav-link active"
          href="/"
          onClick={[Function]}
          style={Object {}}
        >
          Home
        </a>
        <a
          aria-current={null}
          className="nav-link"
          href="/login"
          onClick={[Function]}
        >
          Login
        </a>
        <a
          aria-current={null}
          className="nav-link"
          href="/about"
          onClick={[Function]}
        >
          About
        </a>
      </div>
    </div>
  </nav>
  <div
    className="container"
  >
    Array [
      <h1>
        Home Screen
      </h1>,
      <hr />,
      <pre>
        {
   "id": 1,
   "value": "Fausto"
}
      </pre>,
    ]
  </div>
</div>
`;
